// Jest Snapshot v1, https://goo.gl/fbAQLP

exports[`MenuButton renders correctly 1`] = `
<button
  className="MuiButtonBase-root-26 MuiButton-root-2 MuiButton-text-4 MuiButton-flat-7 MenuButton-button-1"
  disabled={false}
  onBlur={[Function]}
  onClick={undefined}
  onFocus={[Function]}
  onKeyDown={[Function]}
  onKeyUp={[Function]}
  onMouseDown={[Function]}
  onMouseLeave={[Function]}
  onMouseUp={[Function]}
  onTouchEnd={[Function]}
  onTouchMove={[Function]}
  onTouchStart={[Function]}
  tabIndex="0"
  type="button"
>
  <span
    className="MuiButton-label-3"
  >
    <svg
      aria-hidden="true"
      className="MuiSvgIcon-root-29"
      color={undefined}
      focusable="false"
      viewBox="0 0 24 24"
    >
      <g>
        <path
          d="M3 18h18v-2H3v2zm0-5h18v-2H3v2zm0-7v2h18V6H3z"
        />
      </g>
    </svg>
  </span>
  <span
    className="MuiTouchRipple-root-36"
  />
</button>
`;
