// Jest Snapshot v1, https://goo.gl/fbAQLP

exports[`Testing ArticleScreen.js ArticleScreen renders no article before receiving fetch response 1`] = `
<div
  className="MuiGrid-container-357 MuiGrid-spacing-xs-16-379"
>
  <div
    className="MuiGrid-item-358 MuiGrid-grid-md-1-413 MuiGrid-grid-lg-2-428"
  />
  <div
    className="MuiGrid-item-358 MuiGrid-grid-xs-12-396 MuiGrid-grid-md-10-422 MuiGrid-grid-lg-8-434"
  >
    <div
      className="MuiPaper-root-454 MuiPaper-elevation1-457 MuiPaper-rounded-455 MuiCard-root-453"
    >
      <div
        className="MuiCardHeader-root-481"
      >
        <div
          className="MuiCardHeader-content-484"
        >
          <span
            className="MuiTypography-root-487 MuiTypography-headline-492 MuiCardHeader-title-485"
          />
        </div>
        <div
          className="MuiCardHeader-action-483"
        >
          <a
            className="MuiButtonBase-root-517 MuiIconButton-root-511"
            href="/"
            onBlur={[Function]}
            onFocus={[Function]}
            onKeyDown={[Function]}
            onKeyUp={[Function]}
            onMouseDown={[Function]}
            onMouseLeave={[Function]}
            onMouseUp={[Function]}
            onTouchEnd={[Function]}
            onTouchMove={[Function]}
            onTouchStart={[Function]}
            role="button"
            tabIndex="0"
          >
            <span
              className="MuiIconButton-label-516"
            >
              <svg
                aria-hidden="true"
                className="MuiSvgIcon-root-520"
                color={undefined}
                focusable="false"
                viewBox="0 0 24 24"
              >
                <g>
                  <path
                    d="M19 6.41L17.59 5 12 10.59 6.41 5 5 6.41 10.59 12 5 17.59 6.41 19 12 13.41 17.59 19 19 17.59 13.41 12z"
                  />
                </g>
              </svg>
            </span>
            <span
              className="MuiTouchRipple-root-527"
            />
          </a>
        </div>
      </div>
      <div
        className="MuiCardContent-root-534"
      >
        <div
          className="MuiTypography-root-487 MuiTypography-body1-496"
        >
          <div
            dangerouslySetInnerHTML={
              Object {
                "__html": undefined,
              }
            }
          />
        </div>
      </div>
    </div>
  </div>
  <div
    className="MuiGrid-item-358 MuiGrid-grid-md-1-413 MuiGrid-grid-lg-2-428"
  />
</div>
`;
