// Jest Snapshot v1, https://goo.gl/fbAQLP

exports[`Testing HeaderScreen HeaderScreen renders correctly 1`] = `
<div
  className="MuiGrid-container-1 MuiGrid-spacing-xs-16-23"
>
  <div
    className="MuiGrid-item-2 MuiGrid-grid-md-1-57 MuiGrid-grid-lg-2-72"
  />
  <div
    className="MuiGrid-item-2 MuiGrid-grid-xs-12-40 MuiGrid-grid-md-10-66 MuiGrid-grid-lg-8-78"
  >
    <header
      className="MuiPaper-root-106 MuiPaper-elevation4-112 MuiAppBar-root-98 MuiAppBar-positionSticky-101 MuiAppBar-colorPrimary-104 MasterAppBar-MasterAppBar-97"
    >
      <div
        className="MuiGrid-container-1 AlignedGridPane-AlignedGridPane-133"
      >
        <div
          className="MuiGrid-item-2 MuiGrid-grid-xs-11-39"
        >
          <div
            className="HomeButtonPane-HomeButtonPane-180 HomeButtonPane-TopAndBottomMargins-181"
          >
            <a
              className="MuiButtonBase-root-159 MuiButton-root-135 MuiButton-text-137 MuiButton-flat-140"
              href="/"
              onBlur={[Function]}
              onFocus={[Function]}
              onKeyDown={[Function]}
              onKeyUp={[Function]}
              onMouseDown={[Function]}
              onMouseLeave={[Function]}
              onMouseUp={[Function]}
              onTouchEnd={[Function]}
              onTouchMove={[Function]}
              onTouchStart={[Function]}
              role="button"
              tabIndex="0"
            >
              <span
                className="MuiButton-label-136"
              >
                <h1
                  className="MuiTypography-root-195 MuiTypography-headline-200 HomeButtonText-HomeButtonText-194"
                >
                  Emanuele Santanch√©, Web Developer
                </h1>
              </span>
              <span
                className="MuiTouchRipple-root-169"
              />
            </a>
          </div>
        </div>
        <div
          className="MuiGrid-item-2 MuiGrid-grid-xs-1-29"
        >
          <button
            className="MuiButtonBase-root-159 MuiButton-root-135 MuiButton-text-137 MuiButton-flat-140 MenuButton-button-134"
            disabled={false}
            onBlur={[Function]}
            onClick={[Function]}
            onFocus={[Function]}
            onKeyDown={[Function]}
            onKeyUp={[Function]}
            onMouseDown={[Function]}
            onMouseLeave={[Function]}
            onMouseUp={[Function]}
            onTouchEnd={[Function]}
            onTouchMove={[Function]}
            onTouchStart={[Function]}
            tabIndex="0"
            type="button"
          >
            <span
              className="MuiButton-label-136"
            >
              <svg
                aria-hidden="true"
                className="MuiSvgIcon-root-162"
                color={undefined}
                focusable="false"
                viewBox="0 0 24 24"
              >
                <g>
                  <path
                    d="M3 18h18v-2H3v2zm0-5h18v-2H3v2zm0-7v2h18V6H3z"
                  />
                </g>
              </svg>
            </span>
            <span
              className="MuiTouchRipple-root-169"
            />
          </button>
        </div>
      </div>
    </header>
  </div>
  <div
    className="MuiGrid-item-2 MuiGrid-grid-md-1-57 MuiGrid-grid-lg-2-72"
  />
</div>
`;
