// Jest Snapshot v1, https://goo.gl/fbAQLP

exports[`Testing ListOfArticlesScreen ListOfArticlesScreen renders nothing before receiving fetch response 1`] = `null`;

exports[`Testing TopicScreen TopicScreen renders nothing before receiving fetch response 1`] = `
<div
  className="MuiGrid-container-363 MuiGrid-spacing-xs-16-385"
>
  <div
    className="MuiGrid-item-364 MuiGrid-grid-md-1-419 MuiGrid-grid-lg-2-434"
  />
  <div
    className="MuiGrid-item-364 MuiGrid-grid-xs-12-402 MuiGrid-grid-md-10-428 MuiGrid-grid-lg-8-440"
  >
    <div
      className="MuiPaper-root-460 MuiPaper-elevation1-463 MuiPaper-rounded-461 MuiCard-root-459"
    >
      <div
        className="MuiCardHeader-root-487"
      >
        <div
          className="MuiCardHeader-avatar-488"
        >
          <div
            aria-label="How I work"
            className="MuiAvatar-root-493 MuiAvatar-colorDefault-494"
            style={
              Object {
                "backgroundColor": "#f44336",
              }
            }
          >
            W
          </div>
        </div>
        <div
          className="MuiCardHeader-content-490"
        >
          <span
            className="MuiTypography-root-496 MuiTypography-body2-504 MuiCardHeader-title-491"
          >
            How I work
          </span>
          <span
            className="MuiTypography-root-496 MuiTypography-body2-504 MuiTypography-colorTextSecondary-518 MuiCardHeader-subheader-492"
          >
            There is value in doing things properly first time
          </span>
        </div>
        <div
          className="MuiCardHeader-action-489"
        >
          <a
            className="MuiButtonBase-root-526 MuiIconButton-root-520"
            href="/"
            onBlur={[Function]}
            onFocus={[Function]}
            onKeyDown={[Function]}
            onKeyUp={[Function]}
            onMouseDown={[Function]}
            onMouseLeave={[Function]}
            onMouseUp={[Function]}
            onTouchEnd={[Function]}
            onTouchMove={[Function]}
            onTouchStart={[Function]}
            role="button"
            tabIndex="0"
          >
            <span
              className="MuiIconButton-label-525"
            >
              <svg
                aria-hidden="true"
                className="MuiSvgIcon-root-529"
                color={undefined}
                focusable="false"
                viewBox="0 0 24 24"
              >
                <g>
                  <path
                    d="M19 6.41L17.59 5 12 10.59 6.41 5 5 6.41 10.59 12 5 17.59 6.41 19 12 13.41 17.59 19 19 17.59 13.41 12z"
                  />
                </g>
              </svg>
            </span>
            <span
              className="MuiTouchRipple-root-536"
            />
          </a>
        </div>
      </div>
      <div
        className="SeparatorPane-separatorPane-543"
      >
        Â 
      </div>
    </div>
  </div>
  <div
    className="MuiGrid-item-364 MuiGrid-grid-md-1-419 MuiGrid-grid-lg-2-434"
  />
</div>
`;
